[19:27:59] alt:V Server 16.3.9 (release)
[19:27:59] Starting New alt:V server on [::]:7788
[19:27:59][Error] Failed to load module "C:\\dev\\altv\\altv-rust\\examples\\reloading\\altv_server\\modules\\rust-module.dll"
	 Module uses SDK #3df49e4, server requires SDK #2004269
[19:27:59] Loading resource main
[19:27:59][Error] Failed to start resource main unknown type rs
[19:27:59][Error] Failed to load resource main
[19:27:59] Required server permissions:
[19:27:59] Optional server permissions:
[19:27:59] Starting HTTP server on [::]:7788
[19:27:59] Main thread started (ThreadId: 18528)
[19:27:59] EntityStreamer thread started (ThreadId: 9952)
[19:27:59] SyncSend thread started (ThreadId: 23276)
[19:27:59] SyncSend thread started (ThreadId: 25604)
[19:27:59] SyncSend thread started (ThreadId: 24532)
[19:27:59] SyncSend thread started (ThreadId: 16160)
[19:27:59] SyncSend thread started (ThreadId: 23540)
[19:27:59] SyncSend thread started (ThreadId: 20960)
[19:27:59] SyncSend thread started (ThreadId: 18620)
[19:27:59] SyncReceive thread started (ThreadId: 13464)
[19:27:59] SyncSend thread started (ThreadId: 13836)
[19:27:59] NetworkWorker #1 thread started (ThreadId: 7924)
[19:27:59] SyncReceive thread started (ThreadId: 21180)
[19:27:59] SyncReceive thread started (ThreadId: 7920)
[19:27:59] SyncReceive thread started (ThreadId: 26160)
[19:27:59] Console thread started (ThreadId: 16084)
[19:27:59] Server started
[19:28:42] Server shutdown
